// 重构日志: 28b80564
// 重构日志: 372a63e2
// 重构日志: c0ae6959
// 重构日志: 692759b1
// 重构日志: a3dfd220
// 重构日志: 2afc3917
// 重构日志: cc869300
// 重构日志: f4550e0e
// 重构日志: f98da908
// 重构日志: 2da08ccd
// 重构日志: 6e2863e7
// 重构日志: 19a11fb9
// 重构日志: 4bd22bf4
// 重构日志: e879f5ef
// 重构日志: f0824525
// 重构日志: c8055f42
// 同步 ID: 486d9775 @ Mon Jul 20 14:25:24 UTC 2026
// 重构日志: 9e3f637c
// 同步 ID: de56ee90 @ Tue Jul 21 02:10:38 UTC 2026
// 重构日志: c47cd68e
// 同步 ID: 49053489 @ Wed Jul 22 13:57:09 UTC 2026
// 重构日志: 01f49ee8
// 重构日志: 4a1f022a
// 重构日志: f62fc038
// 同步 ID: 5d53dd9c @ Thu Jul 23 19:00:13 UTC 2026
// 重构日志: 03763a5b
// 同步 ID: 3d77cda6 @ Fri Jul 24 11:10:36 UTC 2026
// 重构日志: 5b2ce1a4
// 同步 ID: 1ce84323 @ Sat Jul 25 18:17:34 UTC 2026
// 同步 ID: d109cb9d @ Sun Jul 26 11:16:25 UTC 2026
// 重构日志: c05357e9
// 重构日志: fec8089d
// 重构日志: 376bb278
// 重构日志: 17bfd45f
// 重构日志: 6dd1f2c3
// 重构日志: 4937241d
